// Jest Snapshot v1, https://goo.gl/fbAQLP

exports[`should render self and sub-components 1`] = `
<HelmetWrapper
  defer={true}
  encodeSpecialCharacters={true}
>
  <meta
    charSet="UTF-8"
  />
  <meta
    content="width=device-width, initial-scale=1.0"
    name="viewport"
  />
  <title>
    foo
  </title>
  <link
    href="https://fonts.googleapis.com/css?family=Muli"
    rel="stylesheet"
  />
</HelmetWrapper>
`;
