// Jest Snapshot v1, https://goo.gl/fbAQLP

exports[`should create safe html 1`] = `
"<html>
      <head>
        <meta>meta</meta>
        <style>style</style>
      </head>
      <body>
        <body>body</body>
        <script id=\\"initial-data\\" type=\\"text/plain\\" data-json=\\"{&quot;arr&quot;:[&quot;foo&quot;,&quot;bar&quot;],&quot;obj&quot;:{&quot;foo&quot;:1,&quot;bar&quot;:1},&quot;str&quot;:&quot;テスト&quot;}\\"></script>
        <script>script</script>
      </body>
    </html>"
`;
