// Jest Snapshot v1, https://goo.gl/fbAQLP

exports[`should render self and sub-components 1`] = `
.c0 {
  display: grid;
  grid-gap: 1em;
  grid-template-columns: repeat(auto-fit,minmax(400px,1fr));
}

.c1 {
  color: #333;
  background: #f5f5f5;
  box-shadow: 0 8px 17px 0 rgba(0,0,0,0.2),0 6px 20px 0 rgba(0,0,0,0.19);
  height: 350px;
  padding: 0 15px;
  text-align: center;
  -webkit-text-decoration: none;
  text-decoration: none;
}

.c1:hover {
  color: #f5f5f5;
  background: #333;
}

.c2 {
  word-wrap: break-word;
}

.c3 {
  display: -webkit-box;
  display: -webkit-flex;
  display: -ms-flexbox;
  display: flex;
  font-size: 1.3rem;
  margin: 15px;
  -webkit-box-pack: space-around;
  -webkit-justify-content: space-around;
  -ms-flex-pack: space-around;
  justify-content: space-around;
}

.c4 {
  -webkit-flex-direction: column;
  -ms-flex-direction: column;
  flex-direction: column;
  display: -webkit-box;
  display: -webkit-flex;
  display: -ms-flexbox;
  display: flex;
  -webkit-flex: 1;
  -ms-flex: 1;
  flex: 1;
}

<Orgs
  fetchRepos={[Function]}
  history={[MockFunction]}
  location={[MockFunction]}
  match={
    Object {
      "isExact": true,
      "params": Object {
        "org": "org",
      },
      "path": "/",
      "url": "",
    }
  }
  name="foo"
  repos={
    Array [
      Object {
        "forksCount": 100,
        "issuesCount": 200,
        "language": "lang",
        "name": "foo",
        "stargazersCount": 300,
        "url": "url",
        "watchersCount": 400,
      },
      Object {
        "forksCount": 1000,
        "issuesCount": 2000,
        "language": "lang",
        "name": "bar",
        "stargazersCount": 3000,
        "url": "url",
        "watchersCount": 4000,
      },
    ]
  }
  resetOrgs={[Function]}
>
  <Component
    title="org"
  >
    <HelmetWrapper
      defer={true}
      encodeSpecialCharacters={true}
    >
      <SideEffect(NullComponent)
        defer={true}
        encodeSpecialCharacters={true}
        meta={
          Array [
            Object {
              "charset": "UTF-8",
            },
            Object {
              "content": "width=device-width, initial-scale=1.0",
              "name": "viewport",
            },
          ]
        }
        title="org"
        titleAttributes={Object {}}
      >
        <NullComponent
          defer={true}
          encodeSpecialCharacters={true}
          meta={
            Array [
              Object {
                "charset": "UTF-8",
              },
              Object {
                "content": "width=device-width, initial-scale=1.0",
                "name": "viewport",
              },
            ]
          }
          title="org"
          titleAttributes={Object {}}
        />
      </SideEffect(NullComponent)>
    </HelmetWrapper>
  </Component>
  <styled.div>
    <div
      className="c0"
    >
      <styled.a
        href="url"
        key="foo"
        rel="noopener noreferrer"
        target="_blank"
      >
        <a
          className="c1"
          href="url"
          rel="noopener noreferrer"
          target="_blank"
        >
          <styled.h1>
            <h1
              className="c2"
            >
              foo
            </h1>
          </styled.h1>
          <p>
            lang
          </p>
          <styled.div>
            <div
              className="c3"
            >
              <Info
                icon="🌟"
                num={300}
              >
                <styled.div>
                  <div
                    className="c4"
                  >
                    <span>
                      🌟
                    </span>
                    <span>
                      300
                    </span>
                  </div>
                </styled.div>
              </Info>
              <Info
                icon="👀"
                num={400}
              >
                <styled.div>
                  <div
                    className="c4"
                  >
                    <span>
                      👀
                    </span>
                    <span>
                      400
                    </span>
                  </div>
                </styled.div>
              </Info>
            </div>
          </styled.div>
          <styled.div>
            <div
              className="c3"
            >
              <Info
                icon="🍴"
                num={100}
              >
                <styled.div>
                  <div
                    className="c4"
                  >
                    <span>
                      🍴
                    </span>
                    <span>
                      100
                    </span>
                  </div>
                </styled.div>
              </Info>
              <Info
                icon="📝"
                num={200}
              >
                <styled.div>
                  <div
                    className="c4"
                  >
                    <span>
                      📝
                    </span>
                    <span>
                      200
                    </span>
                  </div>
                </styled.div>
              </Info>
            </div>
          </styled.div>
        </a>
      </styled.a>
      <styled.a
        href="url"
        key="bar"
        rel="noopener noreferrer"
        target="_blank"
      >
        <a
          className="c1"
          href="url"
          rel="noopener noreferrer"
          target="_blank"
        >
          <styled.h1>
            <h1
              className="c2"
            >
              bar
            </h1>
          </styled.h1>
          <p>
            lang
          </p>
          <styled.div>
            <div
              className="c3"
            >
              <Info
                icon="🌟"
                num={3000}
              >
                <styled.div>
                  <div
                    className="c4"
                  >
                    <span>
                      🌟
                    </span>
                    <span>
                      3000
                    </span>
                  </div>
                </styled.div>
              </Info>
              <Info
                icon="👀"
                num={4000}
              >
                <styled.div>
                  <div
                    className="c4"
                  >
                    <span>
                      👀
                    </span>
                    <span>
                      4000
                    </span>
                  </div>
                </styled.div>
              </Info>
            </div>
          </styled.div>
          <styled.div>
            <div
              className="c3"
            >
              <Info
                icon="🍴"
                num={1000}
              >
                <styled.div>
                  <div
                    className="c4"
                  >
                    <span>
                      🍴
                    </span>
                    <span>
                      1000
                    </span>
                  </div>
                </styled.div>
              </Info>
              <Info
                icon="📝"
                num={2000}
              >
                <styled.div>
                  <div
                    className="c4"
                  >
                    <span>
                      📝
                    </span>
                    <span>
                      2000
                    </span>
                  </div>
                </styled.div>
              </Info>
            </div>
          </styled.div>
        </a>
      </styled.a>
    </div>
  </styled.div>
</Orgs>
`;
