// Jest Snapshot v1, https://goo.gl/fbAQLP

exports[`should render 404 page 1`] = `
<DocumentFragment>
  <header
    class="sc-AykKD buFqre"
  >
    <a
      class="sc-AykKC fSVTkQ"
      href="/"
    >
      &lt;
    </a>
    <a
      class="sc-AykKC fSVTkQ"
      href="/saga"
    >
      saga
    </a>
    <a
      class="sc-AykKC fSVTkQ"
      href="/apollo"
    >
      apollo
    </a>
    <span>
      development
    </span>
  </header>
  <div
    class="sc-AykKE ffQxyb"
  >
    <p>
      404
    </p>
  </div>
</DocumentFragment>
`;

exports[`should render Apollo page 1`] = `
<DocumentFragment>
  <header
    class="sc-AykKD buFqre"
  >
    <a
      class="sc-AykKC fSVTkQ"
      href="/"
    >
      &lt;
    </a>
    <a
      class="sc-AykKC fSVTkQ"
      href="/saga"
    >
      saga
    </a>
    <a
      class="sc-AykKC fSVTkQ"
      href="/apollo"
    >
      apollo
    </a>
    <span>
      development
    </span>
  </header>
  <div
    class="sc-AykKE ffQxyb"
  >
    <p>
      apollo
    </p>
  </div>
</DocumentFragment>
`;

exports[`should render Saga page 1`] = `
<DocumentFragment>
  <header
    class="sc-AykKD buFqre"
  >
    <a
      class="sc-AykKC fSVTkQ"
      href="/"
    >
      &lt;
    </a>
    <a
      class="sc-AykKC fSVTkQ"
      href="/saga"
    >
      saga
    </a>
    <a
      class="sc-AykKC fSVTkQ"
      href="/apollo"
    >
      apollo
    </a>
    <span>
      development
    </span>
  </header>
  <div
    class="sc-AykKE ffQxyb"
  >
    <p>
      saga
    </p>
  </div>
</DocumentFragment>
`;

exports[`should render Top page 1`] = `
<DocumentFragment>
  <header
    class="sc-AykKD buFqre"
  >
    <a
      class="sc-AykKC fSVTkQ"
      href="/"
    >
      &lt;
    </a>
    <a
      class="sc-AykKC fSVTkQ"
      href="/saga"
    >
      saga
    </a>
    <a
      class="sc-AykKC fSVTkQ"
      href="/apollo"
    >
      apollo
    </a>
    <span>
      development
    </span>
  </header>
  <div
    class="sc-AykKE ffQxyb"
  >
    <p>
      top
    </p>
  </div>
</DocumentFragment>
`;
