// Jest Snapshot v1, https://goo.gl/fbAQLP

exports[`should render 404 page 1`] = `
Array [
  <header
    class="sc-bwzfXH jsidzM"
  >
    <a
      class="sc-bdVaJa kuRBwa"
      href="/"
    >
      &lt;
    </a>
    <span />
    <span />
  </header>,
  <div
    class="sc-htpNat gYfjpC"
  />,
]
`;

exports[`should render Orgs page 1`] = `
Array [
  <header
    class="sc-bwzfXH jsidzM"
  >
    <a
      class="sc-bdVaJa kuRBwa"
      href="/"
    >
      &lt;
    </a>
    <span />
    <span />
  </header>,
  <div
    class="sc-htpNat gYfjpC"
  />,
]
`;

exports[`should render Top page 1`] = `
Array [
  <header
    class="sc-bwzfXH jsidzM"
  >
    <a
      class="sc-bdVaJa kuRBwa"
      href="/"
    >
      &lt;
    </a>
    <span />
    <span />
  </header>,
  <div
    class="sc-htpNat gYfjpC"
  />,
]
`;
